// Jest Snapshot v1, https://goo.gl/fbAQLP

exports[`Component: Catalog should render correctly 1`] = `
<div>
  <header
    class="header"
    id="header"
  >
    <div
      class="container header__wrapper"
    >
      <a
        class="header__logo logo"
        href="/"
      >
        <img
          alt="Логотип"
          class="logo__img"
          height="70"
          src="./img/svg/logo.svg"
          width="70"
        />
      </a>
      <nav
        class="main-nav"
      >
        <ul
          class="main-nav__list"
        >
          <li>
            <a
              class="link main-nav__link"
              href="/catalog/page_1"
            >
              Каталог
            </a>
          </li>
          <li>
            <a
              class="link main-nav__link"
              href="/catalog/page_:id"
            >
              Где купить?
            </a>
          </li>
          <li>
            <a
              class="link main-nav__link"
              href="/catalog/page_:id"
            >
              О компании
            </a>
          </li>
        </ul>
      </nav>
      <div
        class="form-search"
      >
        <form
          class="form-search__form"
          data-testid="form-search__form"
        >
          <button
            class="form-search__submit"
            type="submit"
          >
            <svg
              aria-hidden="true"
              class="form-search__icon"
              height="15"
              width="14"
            >
              <use
                href="#icon-search"
              />
            </svg>
            <span
              class="visually-hidden"
            >
              Начать поиск
            </span>
          </button>
          <input
            autocomplete="off"
            class="form-search__input"
            data-testid="search"
            id="search"
            placeholder="что вы ищете?"
            type="text"
          />
          <label
            class="visually-hidden"
            for="search"
          >
            Поиск
          </label>
        </form>
        <ul
          class="form-search__select-list
        hidden"
        >
          <li
            class="form-search__select-item"
            tabindex="0"
          >
            <a
              class="form-search__link-guitar"
              href="/catalog/1"
            >
              Честер Bass
            </a>
          </li>
          <li
            class="form-search__select-item"
            tabindex="0"
          >
            <a
              class="form-search__link-guitar"
              href="/catalog/2"
            >
              Честер Z300
            </a>
          </li>
        </ul>
      </div>
      <a
        aria-label="Корзина"
        class="header__cart-link"
        href="/cart"
      >
        <svg
          aria-hidden="true"
          class="header__cart-icon"
          height="14"
          width="14"
        >
          <use
            href="#icon-basket"
          />
        </svg>
        <span
          class="visually-hidden"
        >
          Перейти в корзину
        </span>
        <span
          class="header__cart-count"
        >
          2
        </span>
      </a>
    </div>
  </header>
  <main
    class="page-content"
  >
    <div
      class="container"
    >
      <h1
        class="page-content__title title title--bigger"
      >
        Каталог гитар
      </h1>
      <ul
        class="breadcrumbs page-content__breadcrumbs"
      >
        <li
          class="breadcrumbs__item"
        >
          <a
            class="link"
            href="/"
          >
            Главная
          </a>
        </li>
        <li
          class="breadcrumbs__item"
        >
          <a
            class="link"
            href="/catalog/page_:id"
          >
            Каталог
          </a>
        </li>
      </ul>
      <div
        class="catalog"
      >
        <form
          class="catalog-filter"
        >
          <h2
            class="title title--bigger catalog-filter__title"
          >
            Фильтр
          </h2>
          <fieldset
            class="catalog-filter__block"
          >
            <legend
              class="catalog-filter__block-title"
            >
              Цена, ₽
            </legend>
            <div
              class="catalog-filter__price-range"
            >
              <div
                class="form-input"
              >
                <label
                  class="visually-hidden"
                >
                  Минимальная цена
                </label>
                <input
                  data-testid="priceMin"
                  id="priceMin"
                  name="от"
                  placeholder="17500"
                  type="number"
                />
              </div>
              <div
                class="form-input"
              >
                <label
                  class="visually-hidden"
                >
                  Максимальная цена
                </label>
                <input
                  data-testid="priceMax"
                  id="priceMax"
                  name="до"
                  placeholder="29500"
                  type="number"
                />
              </div>
            </div>
          </fieldset>
          <fieldset
            class="catalog-filter__block"
          >
            <legend
              class="catalog-filter__block-title"
            >
              Тип гитар
            </legend>
            <div
              class="form-checkbox catalog-filter__block-item"
            >
              <input
                class="visually-hidden"
                data-testid="acoustic"
                id="acoustic"
                name="acoustic"
                type="checkbox"
              />
              <label
                for="acoustic"
              >
                Акустические гитары
              </label>
            </div>
            <div
              class="form-checkbox catalog-filter__block-item"
            >
              <input
                class="visually-hidden"
                data-testid="electric"
                id="electric"
                name="electric"
                type="checkbox"
              />
              <label
                for="electric"
              >
                Электрогитары
              </label>
            </div>
            <div
              class="form-checkbox catalog-filter__block-item"
            >
              <input
                class="visually-hidden"
                data-testid="ukulele"
                id="ukulele"
                name="ukulele"
                type="checkbox"
              />
              <label
                for="ukulele"
              >
                Укулеле
              </label>
            </div>
          </fieldset>
          <fieldset
            class="catalog-filter__block"
          >
            <legend
              class="catalog-filter__block-title"
            >
              Количество струн
            </legend>
            <div
              class="form-checkbox catalog-filter__block-item"
            >
              <input
                class="visually-hidden"
                data-testid="4-strings"
                id="4-strings"
                name="4-strings"
                type="checkbox"
              />
              <label
                for="4-strings"
              >
                4
              </label>
            </div>
            <div
              class="form-checkbox catalog-filter__block-item"
            >
              <input
                class="visually-hidden"
                data-testid="6-strings"
                id="6-strings"
                name="6-strings"
                type="checkbox"
              />
              <label
                for="6-strings"
              >
                6
              </label>
            </div>
            <div
              class="form-checkbox catalog-filter__block-item"
            >
              <input
                class="visually-hidden"
                data-testid="7-strings"
                id="7-strings"
                name="7-strings"
                type="checkbox"
              />
              <label
                for="7-strings"
              >
                7
              </label>
            </div>
            <div
              class="form-checkbox catalog-filter__block-item"
            >
              <input
                class="visually-hidden"
                data-testid="12-strings"
                id="12-strings"
                name="12-strings"
                type="checkbox"
              />
              <label
                for="12-strings"
              >
                12
              </label>
            </div>
          </fieldset>
        </form>
        <div
          class="catalog-sort"
        >
          <h2
            class="catalog-sort__title"
          >
            Сортировать:
          </h2>
          <div
            class="catalog-sort__type"
          >
            <button
              aria-label="по цене"
              class="catalog-sort__type-button
          "
            >
              по цене
            </button>
            <button
              aria-label="по популярности"
              class="catalog-sort__type-button
          "
            >
              по популярности
            </button>
          </div>
          <div
            class="catalog-sort__order"
          >
            <button
              aria-label="По возрастанию"
              class="catalog-sort__order-button catalog-sort__order-button--up
          catalog-sort__order-button--active"
              data-testid="button-up"
            />
            <button
              aria-label="По убыванию"
              class="catalog-sort__order-button catalog-sort__order-button--down
          "
              data-testid="button-down"
            />
          </div>
        </div>
        <div
          class="cards catalog__cards"
        >
          <div
            class="product-card"
          >
            <img
              alt="Честер Bass"
              height="190"
              src="img/guitar-1.jpg"
              width="75"
            />
            <div
              class="product-card__info"
            >
              <div
                aria-hidden="true"
                class="rate product-card__rate"
              >
                <span
                  class="visually-hidden"
                >
                  Рейтинг:
                </span>
                <svg
                  aria-hidden="true"
                  data-testid="100-icon"
                  height="11"
                  width="12"
                >
                  <lineargradient
                    height="8"
                    id="lg0-1"
                    width="9"
                    x1="0%"
                    x2="100%"
                    y1="0%"
                    y2="0%"
                  >
                    <stop
                      offset="0%"
                      stop-color="#C90606"
                      stop-opacity="1"
                    />
                    <stop
                      offset="100%"
                      stop-color="#C90606"
                      stop-opacity="1"
                    />
                    <stop
                      offset="100%"
                      stop-color="#C90606"
                      stop-opacity="0"
                    />
                    <stop
                      offset="100%"
                      stop-color="#C90606"
                      stop-opacity="0"
                    />
                  </lineargradient>
                  <path
                    d="M11.481 4.14845L8.65177 3.75745L7.38722 1.32696C7.16064 0.893731 6.50416 0.888224 6.27565 1.32696L5.01109 3.75745L2.18182 4.14845C1.67445 4.21821 1.47111 4.81115 1.83905 5.15075L3.88597 7.04154L3.40183 9.7125C3.31469 10.1953 3.85111 10.5569 4.30038 10.3311L6.83143 9.07L9.36248 10.3311C9.81176 10.5551 10.3482 10.1953 10.261 9.7125L9.7769 7.04154L11.8238 5.15075C12.1918 4.81115 11.9884 4.21821 11.481 4.14845ZM8.77958 6.73314L9.23854 9.27377L6.83143 8.07505L4.42432 9.27377L4.88328 6.73314L2.93513 4.93414L5.62691 4.56332L6.83143 2.25032L8.03595 4.56332L10.7277 4.93414L8.77958 6.73314Z"
                    fill="#C90606"
                  />
                  <path
                    d="M12.0902 4.13787L8.97645 3.70544L7.58451 1.00895C7.54649 0.935124 7.48394 0.875359 7.40668 0.83903C7.21291 0.747624 6.97745 0.823796 6.88056 1.00895L5.48862 3.70544L2.37484 4.13787C2.289 4.14959 2.21051 4.18826 2.15041 4.24685C2.07777 4.3182 2.03773 4.4142 2.03911 4.51374C2.04049 4.61328 2.08317 4.70822 2.15777 4.77771L4.41063 6.87654L3.87838 9.84022C3.8659 9.90917 3.87389 9.98007 3.90143 10.0449C3.92897 10.1097 3.97498 10.1659 4.03422 10.207C4.09346 10.2481 4.16358 10.2725 4.23661 10.2775C4.30964 10.2825 4.38268 10.2678 4.44743 10.2351L7.23254 8.83593L10.0176 10.2351C10.0937 10.2738 10.182 10.2867 10.2666 10.2726C10.48 10.2375 10.6235 10.0441 10.5867 9.84022L10.0544 6.87654L12.3073 4.77771C12.3686 4.72029 12.4091 4.64529 12.4214 4.56326C12.4545 4.35818 12.3048 4.16834 12.0902 4.13787Z"
                    fill="url(#lg0-1)"
                  />
                </svg>
                <svg
                  aria-hidden="true"
                  data-testid="100-icon"
                  height="11"
                  width="12"
                >
                  <lineargradient
                    height="8"
                    id="lg1-1"
                    width="9"
                    x1="0%"
                    x2="100%"
                    y1="0%"
                    y2="0%"
                  >
                    <stop
                      offset="0%"
                      stop-color="#C90606"
                      stop-opacity="1"
                    />
                    <stop
                      offset="100%"
                      stop-color="#C90606"
                      stop-opacity="1"
                    />
                    <stop
                      offset="100%"
                      stop-color="#C90606"
                      stop-opacity="0"
                    />
                    <stop
                      offset="100%"
                      stop-color="#C90606"
                      stop-opacity="0"
                    />
                  </lineargradient>
                  <path
                    d="M11.481 4.14845L8.65177 3.75745L7.38722 1.32696C7.16064 0.893731 6.50416 0.888224 6.27565 1.32696L5.01109 3.75745L2.18182 4.14845C1.67445 4.21821 1.47111 4.81115 1.83905 5.15075L3.88597 7.04154L3.40183 9.7125C3.31469 10.1953 3.85111 10.5569 4.30038 10.3311L6.83143 9.07L9.36248 10.3311C9.81176 10.5551 10.3482 10.1953 10.261 9.7125L9.7769 7.04154L11.8238 5.15075C12.1918 4.81115 11.9884 4.21821 11.481 4.14845ZM8.77958 6.73314L9.23854 9.27377L6.83143 8.07505L4.42432 9.27377L4.88328 6.73314L2.93513 4.93414L5.62691 4.56332L6.83143 2.25032L8.03595 4.56332L10.7277 4.93414L8.77958 6.73314Z"
                    fill="#C90606"
                  />
                  <path
                    d="M12.0902 4.13787L8.97645 3.70544L7.58451 1.00895C7.54649 0.935124 7.48394 0.875359 7.40668 0.83903C7.21291 0.747624 6.97745 0.823796 6.88056 1.00895L5.48862 3.70544L2.37484 4.13787C2.289 4.14959 2.21051 4.18826 2.15041 4.24685C2.07777 4.3182 2.03773 4.4142 2.03911 4.51374C2.04049 4.61328 2.08317 4.70822 2.15777 4.77771L4.41063 6.87654L3.87838 9.84022C3.8659 9.90917 3.87389 9.98007 3.90143 10.0449C3.92897 10.1097 3.97498 10.1659 4.03422 10.207C4.09346 10.2481 4.16358 10.2725 4.23661 10.2775C4.30964 10.2825 4.38268 10.2678 4.44743 10.2351L7.23254 8.83593L10.0176 10.2351C10.0937 10.2738 10.182 10.2867 10.2666 10.2726C10.48 10.2375 10.6235 10.0441 10.5867 9.84022L10.0544 6.87654L12.3073 4.77771C12.3686 4.72029 12.4091 4.64529 12.4214 4.56326C12.4545 4.35818 12.3048 4.16834 12.0902 4.13787Z"
                    fill="url(#lg1-1)"
                  />
                </svg>
                <svg
                  aria-hidden="true"
                  data-testid="100-icon"
                  height="11"
                  width="12"
                >
                  <lineargradient
                    height="8"
                    id="lg2-1"
                    width="9"
                    x1="0%"
                    x2="100%"
                    y1="0%"
                    y2="0%"
                  >
                    <stop
                      offset="0%"
                      stop-color="#C90606"
                      stop-opacity="1"
                    />
                    <stop
                      offset="100%"
                      stop-color="#C90606"
                      stop-opacity="1"
                    />
                    <stop
                      offset="100%"
                      stop-color="#C90606"
                      stop-opacity="0"
                    />
                    <stop
                      offset="100%"
                      stop-color="#C90606"
                      stop-opacity="0"
                    />
                  </lineargradient>
                  <path
                    d="M11.481 4.14845L8.65177 3.75745L7.38722 1.32696C7.16064 0.893731 6.50416 0.888224 6.27565 1.32696L5.01109 3.75745L2.18182 4.14845C1.67445 4.21821 1.47111 4.81115 1.83905 5.15075L3.88597 7.04154L3.40183 9.7125C3.31469 10.1953 3.85111 10.5569 4.30038 10.3311L6.83143 9.07L9.36248 10.3311C9.81176 10.5551 10.3482 10.1953 10.261 9.7125L9.7769 7.04154L11.8238 5.15075C12.1918 4.81115 11.9884 4.21821 11.481 4.14845ZM8.77958 6.73314L9.23854 9.27377L6.83143 8.07505L4.42432 9.27377L4.88328 6.73314L2.93513 4.93414L5.62691 4.56332L6.83143 2.25032L8.03595 4.56332L10.7277 4.93414L8.77958 6.73314Z"
                    fill="#C90606"
                  />
                  <path
                    d="M12.0902 4.13787L8.97645 3.70544L7.58451 1.00895C7.54649 0.935124 7.48394 0.875359 7.40668 0.83903C7.21291 0.747624 6.97745 0.823796 6.88056 1.00895L5.48862 3.70544L2.37484 4.13787C2.289 4.14959 2.21051 4.18826 2.15041 4.24685C2.07777 4.3182 2.03773 4.4142 2.03911 4.51374C2.04049 4.61328 2.08317 4.70822 2.15777 4.77771L4.41063 6.87654L3.87838 9.84022C3.8659 9.90917 3.87389 9.98007 3.90143 10.0449C3.92897 10.1097 3.97498 10.1659 4.03422 10.207C4.09346 10.2481 4.16358 10.2725 4.23661 10.2775C4.30964 10.2825 4.38268 10.2678 4.44743 10.2351L7.23254 8.83593L10.0176 10.2351C10.0937 10.2738 10.182 10.2867 10.2666 10.2726C10.48 10.2375 10.6235 10.0441 10.5867 9.84022L10.0544 6.87654L12.3073 4.77771C12.3686 4.72029 12.4091 4.64529 12.4214 4.56326C12.4545 4.35818 12.3048 4.16834 12.0902 4.13787Z"
                    fill="url(#lg2-1)"
                  />
                </svg>
                <svg
                  aria-hidden="true"
                  data-testid="50-icon"
                  height="11"
                  width="12"
                >
                  <lineargradient
                    height="8"
                    id="lg3-1"
                    width="9"
                    x1="0%"
                    x2="100%"
                    y1="0%"
                    y2="0%"
                  >
                    <stop
                      offset="0%"
                      stop-color="#C90606"
                      stop-opacity="1"
                    />
                    <stop
                      offset="50%"
                      stop-color="#C90606"
                      stop-opacity="1"
                    />
                    <stop
                      offset="50%"
                      stop-color="#C90606"
                      stop-opacity="0"
                    />
                    <stop
                      offset="100%"
                      stop-color="#C90606"
                      stop-opacity="0"
                    />
                  </lineargradient>
                  <path
                    d="M11.481 4.14845L8.65177 3.75745L7.38722 1.32696C7.16064 0.893731 6.50416 0.888224 6.27565 1.32696L5.01109 3.75745L2.18182 4.14845C1.67445 4.21821 1.47111 4.81115 1.83905 5.15075L3.88597 7.04154L3.40183 9.7125C3.31469 10.1953 3.85111 10.5569 4.30038 10.3311L6.83143 9.07L9.36248 10.3311C9.81176 10.5551 10.3482 10.1953 10.261 9.7125L9.7769 7.04154L11.8238 5.15075C12.1918 4.81115 11.9884 4.21821 11.481 4.14845ZM8.77958 6.73314L9.23854 9.27377L6.83143 8.07505L4.42432 9.27377L4.88328 6.73314L2.93513 4.93414L5.62691 4.56332L6.83143 2.25032L8.03595 4.56332L10.7277 4.93414L8.77958 6.73314Z"
                    fill="#C90606"
                  />
                  <path
                    d="M12.0902 4.13787L8.97645 3.70544L7.58451 1.00895C7.54649 0.935124 7.48394 0.875359 7.40668 0.83903C7.21291 0.747624 6.97745 0.823796 6.88056 1.00895L5.48862 3.70544L2.37484 4.13787C2.289 4.14959 2.21051 4.18826 2.15041 4.24685C2.07777 4.3182 2.03773 4.4142 2.03911 4.51374C2.04049 4.61328 2.08317 4.70822 2.15777 4.77771L4.41063 6.87654L3.87838 9.84022C3.8659 9.90917 3.87389 9.98007 3.90143 10.0449C3.92897 10.1097 3.97498 10.1659 4.03422 10.207C4.09346 10.2481 4.16358 10.2725 4.23661 10.2775C4.30964 10.2825 4.38268 10.2678 4.44743 10.2351L7.23254 8.83593L10.0176 10.2351C10.0937 10.2738 10.182 10.2867 10.2666 10.2726C10.48 10.2375 10.6235 10.0441 10.5867 9.84022L10.0544 6.87654L12.3073 4.77771C12.3686 4.72029 12.4091 4.64529 12.4214 4.56326C12.4545 4.35818 12.3048 4.16834 12.0902 4.13787Z"
                    fill="url(#lg3-1)"
                  />
                </svg>
                <svg
                  aria-hidden="true"
                  data-testid="0-icon"
                  height="11"
                  width="12"
                >
                  <lineargradient
                    height="8"
                    id="lg4-1"
                    width="9"
                    x1="0%"
                    x2="100%"
                    y1="0%"
                    y2="0%"
                  >
                    <stop
                      offset="0%"
                      stop-color="#C90606"
                      stop-opacity="1"
                    />
                    <stop
                      offset="0%"
                      stop-color="#C90606"
                      stop-opacity="1"
                    />
                    <stop
                      offset="0%"
                      stop-color="#C90606"
                      stop-opacity="0"
                    />
                    <stop
                      offset="100%"
                      stop-color="#C90606"
                      stop-opacity="0"
                    />
                  </lineargradient>
                  <path
                    d="M11.481 4.14845L8.65177 3.75745L7.38722 1.32696C7.16064 0.893731 6.50416 0.888224 6.27565 1.32696L5.01109 3.75745L2.18182 4.14845C1.67445 4.21821 1.47111 4.81115 1.83905 5.15075L3.88597 7.04154L3.40183 9.7125C3.31469 10.1953 3.85111 10.5569 4.30038 10.3311L6.83143 9.07L9.36248 10.3311C9.81176 10.5551 10.3482 10.1953 10.261 9.7125L9.7769 7.04154L11.8238 5.15075C12.1918 4.81115 11.9884 4.21821 11.481 4.14845ZM8.77958 6.73314L9.23854 9.27377L6.83143 8.07505L4.42432 9.27377L4.88328 6.73314L2.93513 4.93414L5.62691 4.56332L6.83143 2.25032L8.03595 4.56332L10.7277 4.93414L8.77958 6.73314Z"
                    fill="#C90606"
                  />
                  <path
                    d="M12.0902 4.13787L8.97645 3.70544L7.58451 1.00895C7.54649 0.935124 7.48394 0.875359 7.40668 0.83903C7.21291 0.747624 6.97745 0.823796 6.88056 1.00895L5.48862 3.70544L2.37484 4.13787C2.289 4.14959 2.21051 4.18826 2.15041 4.24685C2.07777 4.3182 2.03773 4.4142 2.03911 4.51374C2.04049 4.61328 2.08317 4.70822 2.15777 4.77771L4.41063 6.87654L3.87838 9.84022C3.8659 9.90917 3.87389 9.98007 3.90143 10.0449C3.92897 10.1097 3.97498 10.1659 4.03422 10.207C4.09346 10.2481 4.16358 10.2725 4.23661 10.2775C4.30964 10.2825 4.38268 10.2678 4.44743 10.2351L7.23254 8.83593L10.0176 10.2351C10.0937 10.2738 10.182 10.2867 10.2666 10.2726C10.48 10.2375 10.6235 10.0441 10.5867 9.84022L10.0544 6.87654L12.3073 4.77771C12.3686 4.72029 12.4091 4.64529 12.4214 4.56326C12.4545 4.35818 12.3048 4.16834 12.0902 4.13787Z"
                    fill="url(#lg4-1)"
                  />
                </svg>
                <span
                  class="rate__count"
                >
                  10
                </span>
                <span
                  class="rate__message"
                />
              </div>
              <p
                class="product-card__title"
              >
                Честер Bass
              </p>
              <p
                class="product-card__price"
              >
                <span
                  class="visually-hidden"
                >
                  Цена:
                </span>
                17500
                 ₽
              </p>
            </div>
            <div
              class="product-card__buttons"
            >
              <a
                class="button button--mini"
                href="/catalog/page_:id"
              >
                Подробнее
              </a>
              <a
                class="button button--red button--mini button--add-to-cart"
                href="/"
              >
                Купить
              </a>
            </div>
          </div>
          <div
            class="product-card"
          >
            <img
              alt="Честер Z300"
              height="190"
              src="img/guitar-8.jpg"
              width="75"
            />
            <div
              class="product-card__info"
            >
              <div
                aria-hidden="true"
                class="rate product-card__rate"
              >
                <span
                  class="visually-hidden"
                >
                  Рейтинг:
                </span>
                <svg
                  aria-hidden="true"
                  data-testid="100-icon"
                  height="11"
                  width="12"
                >
                  <lineargradient
                    height="8"
                    id="lg0-2"
                    width="9"
                    x1="0%"
                    x2="100%"
                    y1="0%"
                    y2="0%"
                  >
                    <stop
                      offset="0%"
                      stop-color="#C90606"
                      stop-opacity="1"
                    />
                    <stop
                      offset="100%"
                      stop-color="#C90606"
                      stop-opacity="1"
                    />
                    <stop
                      offset="100%"
                      stop-color="#C90606"
                      stop-opacity="0"
                    />
                    <stop
                      offset="100%"
                      stop-color="#C90606"
                      stop-opacity="0"
                    />
                  </lineargradient>
                  <path
                    d="M11.481 4.14845L8.65177 3.75745L7.38722 1.32696C7.16064 0.893731 6.50416 0.888224 6.27565 1.32696L5.01109 3.75745L2.18182 4.14845C1.67445 4.21821 1.47111 4.81115 1.83905 5.15075L3.88597 7.04154L3.40183 9.7125C3.31469 10.1953 3.85111 10.5569 4.30038 10.3311L6.83143 9.07L9.36248 10.3311C9.81176 10.5551 10.3482 10.1953 10.261 9.7125L9.7769 7.04154L11.8238 5.15075C12.1918 4.81115 11.9884 4.21821 11.481 4.14845ZM8.77958 6.73314L9.23854 9.27377L6.83143 8.07505L4.42432 9.27377L4.88328 6.73314L2.93513 4.93414L5.62691 4.56332L6.83143 2.25032L8.03595 4.56332L10.7277 4.93414L8.77958 6.73314Z"
                    fill="#C90606"
                  />
                  <path
                    d="M12.0902 4.13787L8.97645 3.70544L7.58451 1.00895C7.54649 0.935124 7.48394 0.875359 7.40668 0.83903C7.21291 0.747624 6.97745 0.823796 6.88056 1.00895L5.48862 3.70544L2.37484 4.13787C2.289 4.14959 2.21051 4.18826 2.15041 4.24685C2.07777 4.3182 2.03773 4.4142 2.03911 4.51374C2.04049 4.61328 2.08317 4.70822 2.15777 4.77771L4.41063 6.87654L3.87838 9.84022C3.8659 9.90917 3.87389 9.98007 3.90143 10.0449C3.92897 10.1097 3.97498 10.1659 4.03422 10.207C4.09346 10.2481 4.16358 10.2725 4.23661 10.2775C4.30964 10.2825 4.38268 10.2678 4.44743 10.2351L7.23254 8.83593L10.0176 10.2351C10.0937 10.2738 10.182 10.2867 10.2666 10.2726C10.48 10.2375 10.6235 10.0441 10.5867 9.84022L10.0544 6.87654L12.3073 4.77771C12.3686 4.72029 12.4091 4.64529 12.4214 4.56326C12.4545 4.35818 12.3048 4.16834 12.0902 4.13787Z"
                    fill="url(#lg0-2)"
                  />
                </svg>
                <svg
                  aria-hidden="true"
                  data-testid="100-icon"
                  height="11"
                  width="12"
                >
                  <lineargradient
                    height="8"
                    id="lg1-2"
                    width="9"
                    x1="0%"
                    x2="100%"
                    y1="0%"
                    y2="0%"
                  >
                    <stop
                      offset="0%"
                      stop-color="#C90606"
                      stop-opacity="1"
                    />
                    <stop
                      offset="100%"
                      stop-color="#C90606"
                      stop-opacity="1"
                    />
                    <stop
                      offset="100%"
                      stop-color="#C90606"
                      stop-opacity="0"
                    />
                    <stop
                      offset="100%"
                      stop-color="#C90606"
                      stop-opacity="0"
                    />
                  </lineargradient>
                  <path
                    d="M11.481 4.14845L8.65177 3.75745L7.38722 1.32696C7.16064 0.893731 6.50416 0.888224 6.27565 1.32696L5.01109 3.75745L2.18182 4.14845C1.67445 4.21821 1.47111 4.81115 1.83905 5.15075L3.88597 7.04154L3.40183 9.7125C3.31469 10.1953 3.85111 10.5569 4.30038 10.3311L6.83143 9.07L9.36248 10.3311C9.81176 10.5551 10.3482 10.1953 10.261 9.7125L9.7769 7.04154L11.8238 5.15075C12.1918 4.81115 11.9884 4.21821 11.481 4.14845ZM8.77958 6.73314L9.23854 9.27377L6.83143 8.07505L4.42432 9.27377L4.88328 6.73314L2.93513 4.93414L5.62691 4.56332L6.83143 2.25032L8.03595 4.56332L10.7277 4.93414L8.77958 6.73314Z"
                    fill="#C90606"
                  />
                  <path
                    d="M12.0902 4.13787L8.97645 3.70544L7.58451 1.00895C7.54649 0.935124 7.48394 0.875359 7.40668 0.83903C7.21291 0.747624 6.97745 0.823796 6.88056 1.00895L5.48862 3.70544L2.37484 4.13787C2.289 4.14959 2.21051 4.18826 2.15041 4.24685C2.07777 4.3182 2.03773 4.4142 2.03911 4.51374C2.04049 4.61328 2.08317 4.70822 2.15777 4.77771L4.41063 6.87654L3.87838 9.84022C3.8659 9.90917 3.87389 9.98007 3.90143 10.0449C3.92897 10.1097 3.97498 10.1659 4.03422 10.207C4.09346 10.2481 4.16358 10.2725 4.23661 10.2775C4.30964 10.2825 4.38268 10.2678 4.44743 10.2351L7.23254 8.83593L10.0176 10.2351C10.0937 10.2738 10.182 10.2867 10.2666 10.2726C10.48 10.2375 10.6235 10.0441 10.5867 9.84022L10.0544 6.87654L12.3073 4.77771C12.3686 4.72029 12.4091 4.64529 12.4214 4.56326C12.4545 4.35818 12.3048 4.16834 12.0902 4.13787Z"
                    fill="url(#lg1-2)"
                  />
                </svg>
                <svg
                  aria-hidden="true"
                  data-testid="100-icon"
                  height="11"
                  width="12"
                >
                  <lineargradient
                    height="8"
                    id="lg2-2"
                    width="9"
                    x1="0%"
                    x2="100%"
                    y1="0%"
                    y2="0%"
                  >
                    <stop
                      offset="0%"
                      stop-color="#C90606"
                      stop-opacity="1"
                    />
                    <stop
                      offset="100%"
                      stop-color="#C90606"
                      stop-opacity="1"
                    />
                    <stop
                      offset="100%"
                      stop-color="#C90606"
                      stop-opacity="0"
                    />
                    <stop
                      offset="100%"
                      stop-color="#C90606"
                      stop-opacity="0"
                    />
                  </lineargradient>
                  <path
                    d="M11.481 4.14845L8.65177 3.75745L7.38722 1.32696C7.16064 0.893731 6.50416 0.888224 6.27565 1.32696L5.01109 3.75745L2.18182 4.14845C1.67445 4.21821 1.47111 4.81115 1.83905 5.15075L3.88597 7.04154L3.40183 9.7125C3.31469 10.1953 3.85111 10.5569 4.30038 10.3311L6.83143 9.07L9.36248 10.3311C9.81176 10.5551 10.3482 10.1953 10.261 9.7125L9.7769 7.04154L11.8238 5.15075C12.1918 4.81115 11.9884 4.21821 11.481 4.14845ZM8.77958 6.73314L9.23854 9.27377L6.83143 8.07505L4.42432 9.27377L4.88328 6.73314L2.93513 4.93414L5.62691 4.56332L6.83143 2.25032L8.03595 4.56332L10.7277 4.93414L8.77958 6.73314Z"
                    fill="#C90606"
                  />
                  <path
                    d="M12.0902 4.13787L8.97645 3.70544L7.58451 1.00895C7.54649 0.935124 7.48394 0.875359 7.40668 0.83903C7.21291 0.747624 6.97745 0.823796 6.88056 1.00895L5.48862 3.70544L2.37484 4.13787C2.289 4.14959 2.21051 4.18826 2.15041 4.24685C2.07777 4.3182 2.03773 4.4142 2.03911 4.51374C2.04049 4.61328 2.08317 4.70822 2.15777 4.77771L4.41063 6.87654L3.87838 9.84022C3.8659 9.90917 3.87389 9.98007 3.90143 10.0449C3.92897 10.1097 3.97498 10.1659 4.03422 10.207C4.09346 10.2481 4.16358 10.2725 4.23661 10.2775C4.30964 10.2825 4.38268 10.2678 4.44743 10.2351L7.23254 8.83593L10.0176 10.2351C10.0937 10.2738 10.182 10.2867 10.2666 10.2726C10.48 10.2375 10.6235 10.0441 10.5867 9.84022L10.0544 6.87654L12.3073 4.77771C12.3686 4.72029 12.4091 4.64529 12.4214 4.56326C12.4545 4.35818 12.3048 4.16834 12.0902 4.13787Z"
                    fill="url(#lg2-2)"
                  />
                </svg>
                <svg
                  aria-hidden="true"
                  data-testid="50-icon"
                  height="11"
                  width="12"
                >
                  <lineargradient
                    height="8"
                    id="lg3-2"
                    width="9"
                    x1="0%"
                    x2="100%"
                    y1="0%"
                    y2="0%"
                  >
                    <stop
                      offset="0%"
                      stop-color="#C90606"
                      stop-opacity="1"
                    />
                    <stop
                      offset="50%"
                      stop-color="#C90606"
                      stop-opacity="1"
                    />
                    <stop
                      offset="50%"
                      stop-color="#C90606"
                      stop-opacity="0"
                    />
                    <stop
                      offset="100%"
                      stop-color="#C90606"
                      stop-opacity="0"
                    />
                  </lineargradient>
                  <path
                    d="M11.481 4.14845L8.65177 3.75745L7.38722 1.32696C7.16064 0.893731 6.50416 0.888224 6.27565 1.32696L5.01109 3.75745L2.18182 4.14845C1.67445 4.21821 1.47111 4.81115 1.83905 5.15075L3.88597 7.04154L3.40183 9.7125C3.31469 10.1953 3.85111 10.5569 4.30038 10.3311L6.83143 9.07L9.36248 10.3311C9.81176 10.5551 10.3482 10.1953 10.261 9.7125L9.7769 7.04154L11.8238 5.15075C12.1918 4.81115 11.9884 4.21821 11.481 4.14845ZM8.77958 6.73314L9.23854 9.27377L6.83143 8.07505L4.42432 9.27377L4.88328 6.73314L2.93513 4.93414L5.62691 4.56332L6.83143 2.25032L8.03595 4.56332L10.7277 4.93414L8.77958 6.73314Z"
                    fill="#C90606"
                  />
                  <path
                    d="M12.0902 4.13787L8.97645 3.70544L7.58451 1.00895C7.54649 0.935124 7.48394 0.875359 7.40668 0.83903C7.21291 0.747624 6.97745 0.823796 6.88056 1.00895L5.48862 3.70544L2.37484 4.13787C2.289 4.14959 2.21051 4.18826 2.15041 4.24685C2.07777 4.3182 2.03773 4.4142 2.03911 4.51374C2.04049 4.61328 2.08317 4.70822 2.15777 4.77771L4.41063 6.87654L3.87838 9.84022C3.8659 9.90917 3.87389 9.98007 3.90143 10.0449C3.92897 10.1097 3.97498 10.1659 4.03422 10.207C4.09346 10.2481 4.16358 10.2725 4.23661 10.2775C4.30964 10.2825 4.38268 10.2678 4.44743 10.2351L7.23254 8.83593L10.0176 10.2351C10.0937 10.2738 10.182 10.2867 10.2666 10.2726C10.48 10.2375 10.6235 10.0441 10.5867 9.84022L10.0544 6.87654L12.3073 4.77771C12.3686 4.72029 12.4091 4.64529 12.4214 4.56326C12.4545 4.35818 12.3048 4.16834 12.0902 4.13787Z"
                    fill="url(#lg3-2)"
                  />
                </svg>
                <svg
                  aria-hidden="true"
                  data-testid="0-icon"
                  height="11"
                  width="12"
                >
                  <lineargradient
                    height="8"
                    id="lg4-2"
                    width="9"
                    x1="0%"
                    x2="100%"
                    y1="0%"
                    y2="0%"
                  >
                    <stop
                      offset="0%"
                      stop-color="#C90606"
                      stop-opacity="1"
                    />
                    <stop
                      offset="0%"
                      stop-color="#C90606"
                      stop-opacity="1"
                    />
                    <stop
                      offset="0%"
                      stop-color="#C90606"
                      stop-opacity="0"
                    />
                    <stop
                      offset="100%"
                      stop-color="#C90606"
                      stop-opacity="0"
                    />
                  </lineargradient>
                  <path
                    d="M11.481 4.14845L8.65177 3.75745L7.38722 1.32696C7.16064 0.893731 6.50416 0.888224 6.27565 1.32696L5.01109 3.75745L2.18182 4.14845C1.67445 4.21821 1.47111 4.81115 1.83905 5.15075L3.88597 7.04154L3.40183 9.7125C3.31469 10.1953 3.85111 10.5569 4.30038 10.3311L6.83143 9.07L9.36248 10.3311C9.81176 10.5551 10.3482 10.1953 10.261 9.7125L9.7769 7.04154L11.8238 5.15075C12.1918 4.81115 11.9884 4.21821 11.481 4.14845ZM8.77958 6.73314L9.23854 9.27377L6.83143 8.07505L4.42432 9.27377L4.88328 6.73314L2.93513 4.93414L5.62691 4.56332L6.83143 2.25032L8.03595 4.56332L10.7277 4.93414L8.77958 6.73314Z"
                    fill="#C90606"
                  />
                  <path
                    d="M12.0902 4.13787L8.97645 3.70544L7.58451 1.00895C7.54649 0.935124 7.48394 0.875359 7.40668 0.83903C7.21291 0.747624 6.97745 0.823796 6.88056 1.00895L5.48862 3.70544L2.37484 4.13787C2.289 4.14959 2.21051 4.18826 2.15041 4.24685C2.07777 4.3182 2.03773 4.4142 2.03911 4.51374C2.04049 4.61328 2.08317 4.70822 2.15777 4.77771L4.41063 6.87654L3.87838 9.84022C3.8659 9.90917 3.87389 9.98007 3.90143 10.0449C3.92897 10.1097 3.97498 10.1659 4.03422 10.207C4.09346 10.2481 4.16358 10.2725 4.23661 10.2775C4.30964 10.2825 4.38268 10.2678 4.44743 10.2351L7.23254 8.83593L10.0176 10.2351C10.0937 10.2738 10.182 10.2867 10.2666 10.2726C10.48 10.2375 10.6235 10.0441 10.5867 9.84022L10.0544 6.87654L12.3073 4.77771C12.3686 4.72029 12.4091 4.64529 12.4214 4.56326C12.4545 4.35818 12.3048 4.16834 12.0902 4.13787Z"
                    fill="url(#lg4-2)"
                  />
                </svg>
                <span
                  class="rate__count"
                >
                  20
                </span>
                <span
                  class="rate__message"
                />
              </div>
              <p
                class="product-card__title"
              >
                Честер Z300
              </p>
              <p
                class="product-card__price"
              >
                <span
                  class="visually-hidden"
                >
                  Цена:
                </span>
                29500
                 ₽
              </p>
            </div>
            <div
              class="product-card__buttons"
            >
              <a
                class="button button--mini"
                href="/catalog/page_:id"
              >
                Подробнее
              </a>
              <a
                class="button button--red button--mini button--add-to-cart"
                href="/"
              >
                Купить
              </a>
            </div>
          </div>
        </div>
        <div
          class="pagination page-content__pagination"
        >
          <ul
            class="pagination__list"
          >
            
            
            
            
            
          </ul>
        </div>
      </div>
    </div>
  </main>
  <footer
    class="footer"
  >
    <div
      class="footer__container container"
    >
      <a
        class="footer__logo logo"
        href="/"
      >
        <img
          alt="Логотип"
          class="logo__img"
          height="70"
          src="./img/svg/logo.svg"
          width="70"
        />
      </a>
      <div
        class="socials footer__socials"
      >
        <ul
          class="socials__list"
        >
          <li
            class="socials-item"
          >
            <a
              aria-label="facebook"
              class="socials__link"
              href="https://www.facebook.com/"
            >
              <svg
                aria-hidden="true"
                class="socials__icon"
                height="24"
                width="24"
              >
                <use
                  href="#icon-facebook"
                />
              </svg>
            </a>
          </li>
          <li
            class="socials-item"
          >
            <a
              aria-label="instagram"
              class="socials__link"
              href="https://www.instagram.com/"
            >
              <svg
                aria-hidden="true"
                class="socials__icon"
                height="24"
                width="24"
              >
                <use
                  href="#icon-instagram"
                />
              </svg>
            </a>
          </li>
          <li
            class="socials-item"
          >
            <a
              aria-label="twitter"
              class="socials__link"
              href="https://www.twitter.com/"
            >
              <svg
                aria-hidden="true"
                class="socials__icon"
                height="24"
                width="24"
              >
                <use
                  href="#icon-twitter"
                />
              </svg>
            </a>
          </li>
        </ul>
      </div>
      <section
        class="footer__nav-section footer__nav-section--info"
      >
        <h2
          class="footer__nav-title"
        >
          О нас
        </h2>
        <p
          class="footer__nav-content footer__nav-content--font-secondary"
        >
          Магазин гитар, музыкальных инструментов и гитарная мастерская 
          <br />
           в Санкт-Петербурге.
          <br />
          <br />
          Все инструменты проверены, отстроены 
          <br />
           и доведены до идеала!
        </p>
      </section>
      <section
        class="footer__nav-section footer__nav-section--links"
      >
        <h2
          class="footer__nav-title"
        >
          Информация
        </h2>
        <ul
          class="footer__nav-list"
        >
          <li
            class="footer__nav-list-item"
          >
            <a
              class="link"
              href="#top"
            >
              Где купить?
            </a>
          </li>
          <li
            class="footer__nav-list-item"
          >
            <a
              class="link"
              href="#top"
            >
              Блог
            </a>
          </li>
          <li
            class="footer__nav-list-item"
          >
            <a
              class="link"
              href="#top"
            >
              Вопрос - ответ
            </a>
          </li>
          <li
            class="footer__nav-list-item"
          >
            <a
              class="link"
              href="#top"
            >
              Возврат
            </a>
          </li>
          <li
            class="footer__nav-list-item"
          >
            <a
              class="link"
              href="#top"
            >
              Сервис-центры
            </a>
          </li>
        </ul>
      </section>
      <section
        class="footer__nav-section footer__nav-section--contacts"
      >
        <h2
          class="footer__nav-title"
        >
          Контакты
        </h2>
        <p
          class="footer__nav-content"
        >
          Санкт-Петербург
          ,
          <br />
          м. Невский проспект
          ,  
          <br />
          ул. Казанская 6
        </p>
        <div
          class="footer__nav-content"
        >
          <svg
            aria-hidden="true"
            class="footer__icon"
            height="8"
            width="8"
          >
            <use
              href="#icon-phone"
            />
          </svg>
          <a
            class="link"
            href="tel:8-812-500-50-50"
          >
            8-812-500-50-50
             
          </a>
        </div>
        <p
          class="footer__nav-content"
        >
          Режим работы:
          <br />
          <span
            class="footer__span"
          >
            <svg
              aria-hidden="true"
              class="footer__icon"
              height="13"
              width="13"
            >
              <use
                href="#icon-clock"
              />
            </svg>
            <span>
              с 11:00 до 20:00
               
            </span>
            <span>
              без выходных
            </span>
          </span>
        </p>
      </section>
    </div>
  </footer>
</div>
`;
